[INFO] Scanning for projects...
[INFO] 
[INFO] -------------------< com.electoral:conteo-electoral >-------------------
[INFO] Building ConteoElectoral 1.0.0
[INFO]   from pom.xml
[INFO] --------------------------------[ jar ]---------------------------------
[INFO] 
[INFO] >>> spring-boot:3.2.1:run (default-cli) > test-compile @ conteo-electoral >>>
[INFO] 
[INFO] --- resources:3.3.1:resources (default-resources) @ conteo-electoral ---
[INFO] Copying 1 resource from src\main\resources to target\classes
[INFO] Copying 10 resources from src\main\resources to target\classes
[INFO] 
[INFO] --- compiler:3.11.0:compile (default-compile) @ conteo-electoral ---
[INFO] Nothing to compile - all classes are up to date
[INFO] 
[INFO] --- resources:3.3.1:testResources (default-testResources) @ conteo-electoral ---
[INFO] Copying 1 resource from src\test\resources to target\test-classes
[INFO] 
[INFO] --- compiler:3.11.0:testCompile (default-testCompile) @ conteo-electoral ---
[INFO] Nothing to compile - all classes are up to date
[INFO] 
[INFO] <<< spring-boot:3.2.1:run (default-cli) < test-compile @ conteo-electoral <<<
[INFO] 
[INFO] 
[INFO] --- spring-boot:3.2.1:run (default-cli) @ conteo-electoral ---
[INFO] Attaching agents: []

  .   ____          _            __ _ _
 /\\ / ___'_ __ _ _(_)_ __  __ _ \ \ \ \
( ( )\___ | '_ | '_| | '_ \/ _` | \ \ \ \
 \\/  ___)| |_)| | | | | || (_| |  ) ) ) )
  '  |____| .__|_| |_|_| |_\__, | / / / /
 =========|_|==============|___/=/_/_/_/
 :: Spring Boot ::                (v3.2.1)

2026-07-28T10:31:13.075-05:00  INFO 3432 --- [conteo-electoral] [           main] c.electoral.ConteoElectoralApplication   : Starting ConteoElectoralApplication using Java 21.0.10 with PID 3432 (C:\Users\Alexi\Documents\PROYECTOS\ConteoElectoral\backend\target\classes started by Alexi in C:\Users\Alexi\Documents\PROYECTOS\ConteoElectoral\backend)
2026-07-28T10:31:13.077-05:00 DEBUG 3432 --- [conteo-electoral] [           main] c.electoral.ConteoElectoralApplication   : Running with Spring Boot v3.2.1, Spring v6.1.2
2026-07-28T10:31:13.078-05:00  INFO 3432 --- [conteo-electoral] [           main] c.electoral.ConteoElectoralApplication   : No active profile set, falling back to 1 default profile: "default"
2026-07-28T10:31:13.595-05:00  INFO 3432 --- [conteo-electoral] [           main] .s.d.r.c.RepositoryConfigurationDelegate : Bootstrapping Spring Data JPA repositories in DEFAULT mode.
2026-07-28T10:31:13.667-05:00  INFO 3432 --- [conteo-electoral] [           main] .s.d.r.c.RepositoryConfigurationDelegate : Finished Spring Data repository scanning in 67 ms. Found 34 JPA repository interfaces.
2026-07-28T10:31:14.135-05:00  INFO 3432 --- [conteo-electoral] [           main] o.s.b.w.embedded.tomcat.TomcatWebServer  : Tomcat initialized with port 8081 (http)
2026-07-28T10:31:14.143-05:00  INFO 3432 --- [conteo-electoral] [           main] o.apache.catalina.core.StandardService   : Starting service [Tomcat]
2026-07-28T10:31:14.143-05:00  INFO 3432 --- [conteo-electoral] [           main] o.apache.catalina.core.StandardEngine    : Starting Servlet engine: [Apache Tomcat/10.1.17]
2026-07-28T10:31:14.182-05:00  INFO 3432 --- [conteo-electoral] [           main] o.a.c.c.C.[Tomcat].[localhost].[/]       : Initializing Spring embedded WebApplicationContext
2026-07-28T10:31:14.183-05:00  INFO 3432 --- [conteo-electoral] [           main] w.s.c.ServletWebServerApplicationContext : Root WebApplicationContext: initialization completed in 1071 ms
2026-07-28T10:31:14.246-05:00  INFO 3432 --- [conteo-electoral] [           main] com.zaxxer.hikari.HikariDataSource       : HikariPool-1 - Starting...
2026-07-28T10:31:14.440-05:00  INFO 3432 --- [conteo-electoral] [           main] com.zaxxer.hikari.pool.HikariPool        : HikariPool-1 - Added connection org.postgresql.jdbc.PgConnection@1a17dd6f
2026-07-28T10:31:14.444-05:00  INFO 3432 --- [conteo-electoral] [           main] com.zaxxer.hikari.HikariDataSource       : HikariPool-1 - Start completed.
2026-07-28T10:31:14.493-05:00  INFO 3432 --- [conteo-electoral] [           main] o.f.c.internal.license.VersionPrinter    : Flyway Community Edition 9.22.3 by Redgate
2026-07-28T10:31:14.493-05:00  INFO 3432 --- [conteo-electoral] [           main] o.f.c.internal.license.VersionPrinter    : See release notes here: https://rd.gt/416ObMi
2026-07-28T10:31:14.493-05:00  INFO 3432 --- [conteo-electoral] [           main] o.f.c.internal.license.VersionPrinter    : 
2026-07-28T10:31:14.506-05:00  INFO 3432 --- [conteo-electoral] [           main] org.flywaydb.core.FlywayExecutor         : Database: jdbc:postgresql://192.168.1.71:5432/conteo_electoral (PostgreSQL 16.14)
2026-07-28T10:31:14.523-05:00  WARN 3432 --- [conteo-electoral] [           main] o.f.c.internal.database.base.Database    : Flyway upgrade recommended: PostgreSQL 16.14 is newer than this version of Flyway and support has not been tested. The latest supported version of PostgreSQL is 15.
2026-07-28T10:31:14.573-05:00  INFO 3432 --- [conteo-electoral] [           main] o.f.core.internal.command.DbValidate     : Successfully validated 10 migrations (execution time 00:00.033s)
2026-07-28T10:31:14.610-05:00  INFO 3432 --- [conteo-electoral] [           main] o.f.core.internal.command.DbMigrate      : Current version of schema "public": 1.7.0
2026-07-28T10:31:14.614-05:00  INFO 3432 --- [conteo-electoral] [           main] o.f.core.internal.command.DbMigrate      : Schema "public" is up to date. No migration necessary.
2026-07-28T10:31:14.681-05:00  INFO 3432 --- [conteo-electoral] [           main] o.hibernate.jpa.internal.util.LogHelper  : HHH000204: Processing PersistenceUnitInfo [name: default]
2026-07-28T10:31:14.715-05:00  INFO 3432 --- [conteo-electoral] [           main] org.hibernate.Version                    : HHH000412: Hibernate ORM core version 6.4.1.Final
2026-07-28T10:31:14.733-05:00  INFO 3432 --- [conteo-electoral] [           main] o.h.c.internal.RegionFactoryInitiator    : HHH000026: Second-level cache disabled
2026-07-28T10:31:14.849-05:00  INFO 3432 --- [conteo-electoral] [           main] o.s.o.j.p.SpringPersistenceUnitInfo      : No LoadTimeWeaver setup: ignoring JPA class transformer
2026-07-28T10:31:15.794-05:00  INFO 3432 --- [conteo-electoral] [           main] o.h.e.t.j.p.i.JtaPlatformInitiator       : HHH000489: No JTA platform available (set 'hibernate.transaction.jta.platform' to enable JTA platform integration)
2026-07-28T10:31:16.350-05:00  INFO 3432 --- [conteo-electoral] [           main] j.LocalContainerEntityManagerFactoryBean : Initialized JPA EntityManagerFactory for persistence unit 'default'
2026-07-28T10:31:16.601-05:00  INFO 3432 --- [conteo-electoral] [           main] o.s.d.j.r.query.QueryEnhancerFactory     : Hibernate is in classpath; If applicable, HQL parser will be used.
2026-07-28T10:31:16.935-05:00 DEBUG 3432 --- [conteo-electoral] [           main] c.e.security.JwtAuthenticationFilter     : Filter 'jwtAuthenticationFilter' configured for use
2026-07-28T10:31:18.652-05:00  INFO 3432 --- [conteo-electoral] [           main] o.s.s.web.DefaultSecurityFilterChain     : Will secure any request with [org.springframework.security.web.session.DisableEncodeUrlFilter@533e74c5, org.springframework.security.web.context.request.async.WebAsyncManagerIntegrationFilter@2667d4fe, org.springframework.security.web.context.SecurityContextHolderFilter@36545439, org.springframework.security.web.header.HeaderWriterFilter@223a5a4b, org.springframework.web.filter.CorsFilter@63583bde, org.springframework.security.web.authentication.logout.LogoutFilter@1713f25b, com.electoral.security.JwtAuthenticationFilter@4fc50fee, org.springframework.security.web.savedrequest.RequestCacheAwareFilter@68886059, org.springframework.security.web.servletapi.SecurityContextHolderAwareRequestFilter@3d59a887, org.springframework.security.web.authentication.AnonymousAuthenticationFilter@494e6dbb, org.springframework.security.web.session.SessionManagementFilter@7c53d3c, org.springframework.security.web.access.ExceptionTranslationFilter@5c4b4c4d, org.springframework.security.web.access.intercept.AuthorizationFilter@6a35f9fd]
2026-07-28T10:31:18.984-05:00  INFO 3432 --- [conteo-electoral] [           main] o.s.b.w.embedded.tomcat.TomcatWebServer  : Tomcat started on port 8081 (http) with context path ''
2026-07-28T10:31:18.985-05:00  INFO 3432 --- [conteo-electoral] [           main] o.s.m.s.b.SimpleBrokerMessageHandler     : Starting...
2026-07-28T10:31:18.988-05:00  INFO 3432 --- [conteo-electoral] [           main] o.s.m.s.b.SimpleBrokerMessageHandler     : BrokerAvailabilityEvent[available=true, SimpleBrokerMessageHandler [org.springframework.messaging.simp.broker.DefaultSubscriptionRegistry@44eb9af1]]
2026-07-28T10:31:18.989-05:00  INFO 3432 --- [conteo-electoral] [           main] o.s.m.s.b.SimpleBrokerMessageHandler     : Started.
2026-07-28T10:31:18.998-05:00  INFO 3432 --- [conteo-electoral] [           main] c.electoral.ConteoElectoralApplication   : Started ConteoElectoralApplication in 6.175 seconds (process running for 6.459)
2026-07-28T10:31:19.002-05:00  INFO 3432 --- [conteo-electoral] [           main] com.electoral.DataInitializer            : === INICIANDO DATAINITIALIZER ===
2026-07-28T10:31:19.062-05:00  INFO 3432 --- [conteo-electoral] [nio-8081-exec-3] o.a.c.c.C.[Tomcat].[localhost].[/]       : Initializing Spring DispatcherServlet 'dispatcherServlet'
2026-07-28T10:31:19.064-05:00  INFO 3432 --- [conteo-electoral] [nio-8081-exec-3] o.s.web.servlet.DispatcherServlet        : Initializing Servlet 'dispatcherServlet'
2026-07-28T10:31:19.066-05:00  INFO 3432 --- [conteo-electoral] [nio-8081-exec-3] o.s.web.servlet.DispatcherServlet        : Completed initialization in 1 ms
2026-07-28T10:31:19.083-05:00 DEBUG 3432 --- [conteo-electoral] [nio-8081-exec-2] o.s.security.web.FilterChainProxy        : Securing GET /ws/info?t=1785252678009
2026-07-28T10:31:19.083-05:00 DEBUG 3432 --- [conteo-electoral] [nio-8081-exec-3] o.s.security.web.FilterChainProxy        : Securing GET /ws/info?t=1785252678010
2026-07-28T10:31:19.098-05:00 DEBUG 3432 --- [conteo-electoral] [nio-8081-exec-3] o.s.s.w.a.AnonymousAuthenticationFilter  : Set SecurityContextHolder to anonymous SecurityContext
2026-07-28T10:31:19.098-05:00 DEBUG 3432 --- [conteo-electoral] [nio-8081-exec-2] o.s.s.w.a.AnonymousAuthenticationFilter  : Set SecurityContextHolder to anonymous SecurityContext
2026-07-28T10:31:19.099-05:00 DEBUG 3432 --- [conteo-electoral] [nio-8081-exec-3] o.s.security.web.FilterChainProxy        : Secured GET /ws/info?t=1785252678010
2026-07-28T10:31:19.099-05:00 DEBUG 3432 --- [conteo-electoral] [nio-8081-exec-2] o.s.security.web.FilterChainProxy        : Secured GET /ws/info?t=1785252678009
2026-07-28T10:31:19.114-05:00 DEBUG 3432 --- [conteo-electoral] [nio-8081-exec-4] o.s.security.web.FilterChainProxy        : Securing GET /ws/204/vbbgxqf0/websocket
2026-07-28T10:31:19.114-05:00 DEBUG 3432 --- [conteo-electoral] [nio-8081-exec-5] o.s.security.web.FilterChainProxy        : Securing GET /ws/294/4l1zmkg3/websocket
2026-07-28T10:31:19.115-05:00 DEBUG 3432 --- [conteo-electoral] [nio-8081-exec-4] o.s.s.w.a.AnonymousAuthenticationFilter  : Set SecurityContextHolder to anonymous SecurityContext
2026-07-28T10:31:19.115-05:00 DEBUG 3432 --- [conteo-electoral] [nio-8081-exec-5] o.s.s.w.a.AnonymousAuthenticationFilter  : Set SecurityContextHolder to anonymous SecurityContext
2026-07-28T10:31:19.115-05:00 DEBUG 3432 --- [conteo-electoral] [nio-8081-exec-4] o.s.security.web.FilterChainProxy        : Secured GET /ws/204/vbbgxqf0/websocket
2026-07-28T10:31:19.115-05:00 DEBUG 3432 --- [conteo-electoral] [nio-8081-exec-5] o.s.security.web.FilterChainProxy        : Secured GET /ws/294/4l1zmkg3/websocket
2026-07-28T10:31:19.266-05:00  INFO 3432 --- [conteo-electoral] [           main] com.electoral.DataInitializer            : Password de admin reseteado a: admin123
2026-07-28T10:31:19.273-05:00  INFO 3432 --- [conteo-electoral] [           main] com.electoral.DataInitializer            : === DATAINITIALIZER COMPLETADO ===
2026-07-28T10:31:25.008-05:00 DEBUG 3432 --- [conteo-electoral] [nio-8081-exec-1] o.s.security.web.FilterChainProxy        : Securing GET /api/dashboard/eleccion/1
2026-07-28T10:31:25.073-05:00 DEBUG 3432 --- [conteo-electoral] [nio-8081-exec-1] o.s.security.web.FilterChainProxy        : Secured GET /api/dashboard/eleccion/1
[INFO] ------------------------------------------------------------------------
[INFO] BUILD FAILURE
[INFO] ------------------------------------------------------------------------
[INFO] Total time:  49.798 s
[INFO] Finished at: 2026-07-28T10:32:00-05:00
[INFO] ------------------------------------------------------------------------
[ERROR] Failed to execute goal org.springframework.boot:spring-boot-maven-plugin:3.2.1:run (default-cli) on project conteo-electoral: Process terminated with exit code: -1 -> [Help 1]
[ERROR] 
[ERROR] To see the full stack trace of the errors, re-run Maven with the -e switch.
[ERROR] Re-run Maven using the -X switch to enable full debug logging.
[ERROR] 
[ERROR] For more information about the errors and possible solutions, please read the following articles:
[ERROR] [Help 1] http://cwiki.apache.org/confluence/display/MAVEN/MojoExecutionException
