[INFO] Scanning for projects...
[INFO] 
[INFO] -------------------< com.electoral:conteo-electoral >-------------------
[INFO] Building ConteoElectoral 1.0.0
[INFO]   from pom.xml
[INFO] --------------------------------[ jar ]---------------------------------
[INFO] 
[INFO] >>> spring-boot:3.2.1:run (default-cli) > test-compile @ conteo-electoral >>>
[INFO] 
[INFO] --- resources:3.3.1:resources (default-resources) @ conteo-electoral ---
[INFO] Copying 1 resource from src\main\resources to target\classes
[INFO] Copying 10 resources from src\main\resources to target\classes
[INFO] 
[INFO] --- compiler:3.11.0:compile (default-compile) @ conteo-electoral ---
[INFO] Nothing to compile - all classes are up to date
[INFO] 
[INFO] --- resources:3.3.1:testResources (default-testResources) @ conteo-electoral ---
[INFO] Copying 1 resource from src\test\resources to target\test-classes
[INFO] 
[INFO] --- compiler:3.11.0:testCompile (default-testCompile) @ conteo-electoral ---
[INFO] Changes detected - recompiling the module! :source
[INFO] Compiling 6 source files with javac [debug release 17] to target\test-classes
[INFO] Annotation processing is enabled because one or more processors were found
  on the class path. A future release of javac may disable annotation processing
  unless at least one processor is specified by name (-processor), or a search
  path is specified (--processor-path, --processor-module-path), or annotation
  processing is enabled explicitly (-proc:only, -proc:full).
  Use -Xlint:-options to suppress this message.
  Use -proc:none to disable annotation processing.
[INFO] 
[INFO] <<< spring-boot:3.2.1:run (default-cli) < test-compile @ conteo-electoral <<<
[INFO] 
[INFO] 
[INFO] --- spring-boot:3.2.1:run (default-cli) @ conteo-electoral ---
[INFO] Attaching agents: []

  .   ____          _            __ _ _
 /\\ / ___'_ __ _ _(_)_ __  __ _ \ \ \ \
( ( )\___ | '_ | '_| | '_ \/ _` | \ \ \ \
 \\/  ___)| |_)| | | | | || (_| |  ) ) ) )
  '  |____| .__|_| |_|_| |_\__, | / / / /
 =========|_|==============|___/=/_/_/_/
 :: Spring Boot ::                (v3.2.1)

2026-07-28T10:30:49.867-05:00  INFO 63268 --- [conteo-electoral] [           main] c.electoral.ConteoElectoralApplication   : Starting ConteoElectoralApplication using Java 21.0.10 with PID 63268 (C:\Users\Alexi\Documents\PROYECTOS\ConteoElectoral\backend\target\classes started by Alexi in C:\Users\Alexi\Documents\PROYECTOS\ConteoElectoral\backend)
2026-07-28T10:30:49.868-05:00 DEBUG 63268 --- [conteo-electoral] [           main] c.electoral.ConteoElectoralApplication   : Running with Spring Boot v3.2.1, Spring v6.1.2
2026-07-28T10:30:49.868-05:00  INFO 63268 --- [conteo-electoral] [           main] c.electoral.ConteoElectoralApplication   : No active profile set, falling back to 1 default profile: "default"
2026-07-28T10:30:50.413-05:00  INFO 63268 --- [conteo-electoral] [           main] .s.d.r.c.RepositoryConfigurationDelegate : Bootstrapping Spring Data JPA repositories in DEFAULT mode.
2026-07-28T10:30:50.512-05:00  INFO 63268 --- [conteo-electoral] [           main] .s.d.r.c.RepositoryConfigurationDelegate : Finished Spring Data repository scanning in 92 ms. Found 34 JPA repository interfaces.
2026-07-28T10:30:50.969-05:00  INFO 63268 --- [conteo-electoral] [           main] o.s.b.w.embedded.tomcat.TomcatWebServer  : Tomcat initialized with port 8081 (http)
2026-07-28T10:30:50.979-05:00  INFO 63268 --- [conteo-electoral] [           main] o.apache.catalina.core.StandardService   : Starting service [Tomcat]
2026-07-28T10:30:50.981-05:00  INFO 63268 --- [conteo-electoral] [           main] o.apache.catalina.core.StandardEngine    : Starting Servlet engine: [Apache Tomcat/10.1.17]
2026-07-28T10:30:51.019-05:00  INFO 63268 --- [conteo-electoral] [           main] o.a.c.c.C.[Tomcat].[localhost].[/]       : Initializing Spring embedded WebApplicationContext
2026-07-28T10:30:51.019-05:00  INFO 63268 --- [conteo-electoral] [           main] w.s.c.ServletWebServerApplicationContext : Root WebApplicationContext: initialization completed in 1125 ms
2026-07-28T10:30:51.084-05:00  INFO 63268 --- [conteo-electoral] [           main] com.zaxxer.hikari.HikariDataSource       : HikariPool-1 - Starting...
2026-07-28T10:30:51.271-05:00  INFO 63268 --- [conteo-electoral] [           main] com.zaxxer.hikari.pool.HikariPool        : HikariPool-1 - Added connection org.postgresql.jdbc.PgConnection@4c6bba7d
2026-07-28T10:30:51.273-05:00  INFO 63268 --- [conteo-electoral] [           main] com.zaxxer.hikari.HikariDataSource       : HikariPool-1 - Start completed.
2026-07-28T10:30:51.315-05:00  INFO 63268 --- [conteo-electoral] [           main] o.f.c.internal.license.VersionPrinter    : Flyway Community Edition 9.22.3 by Redgate
2026-07-28T10:30:51.315-05:00  INFO 63268 --- [conteo-electoral] [           main] o.f.c.internal.license.VersionPrinter    : See release notes here: https://rd.gt/416ObMi
2026-07-28T10:30:51.316-05:00  INFO 63268 --- [conteo-electoral] [           main] o.f.c.internal.license.VersionPrinter    : 
2026-07-28T10:30:51.327-05:00  INFO 63268 --- [conteo-electoral] [           main] org.flywaydb.core.FlywayExecutor         : Database: jdbc:postgresql://192.168.1.71:5432/conteo_electoral (PostgreSQL 16.14)
2026-07-28T10:30:51.351-05:00  WARN 63268 --- [conteo-electoral] [           main] o.f.c.internal.database.base.Database    : Flyway upgrade recommended: PostgreSQL 16.14 is newer than this version of Flyway and support has not been tested. The latest supported version of PostgreSQL is 15.
2026-07-28T10:30:51.386-05:00  INFO 63268 --- [conteo-electoral] [           main] o.f.core.internal.command.DbValidate     : Successfully validated 10 migrations (execution time 00:00.025s)
2026-07-28T10:30:51.430-05:00  INFO 63268 --- [conteo-electoral] [           main] o.f.core.internal.command.DbMigrate      : Current version of schema "public": 1.7.0
2026-07-28T10:30:51.432-05:00  INFO 63268 --- [conteo-electoral] [           main] o.f.core.internal.command.DbMigrate      : Schema "public" is up to date. No migration necessary.
2026-07-28T10:30:51.492-05:00  INFO 63268 --- [conteo-electoral] [           main] o.hibernate.jpa.internal.util.LogHelper  : HHH000204: Processing PersistenceUnitInfo [name: default]
2026-07-28T10:30:51.525-05:00  INFO 63268 --- [conteo-electoral] [           main] org.hibernate.Version                    : HHH000412: Hibernate ORM core version 6.4.1.Final
2026-07-28T10:30:51.545-05:00  INFO 63268 --- [conteo-electoral] [           main] o.h.c.internal.RegionFactoryInitiator    : HHH000026: Second-level cache disabled
2026-07-28T10:30:51.669-05:00  INFO 63268 --- [conteo-electoral] [           main] o.s.o.j.p.SpringPersistenceUnitInfo      : No LoadTimeWeaver setup: ignoring JPA class transformer
2026-07-28T10:30:52.570-05:00  INFO 63268 --- [conteo-electoral] [           main] o.h.e.t.j.p.i.JtaPlatformInitiator       : HHH000489: No JTA platform available (set 'hibernate.transaction.jta.platform' to enable JTA platform integration)
2026-07-28T10:30:53.149-05:00  INFO 63268 --- [conteo-electoral] [           main] j.LocalContainerEntityManagerFactoryBean : Initialized JPA EntityManagerFactory for persistence unit 'default'
2026-07-28T10:30:53.360-05:00  INFO 63268 --- [conteo-electoral] [           main] o.s.d.j.r.query.QueryEnhancerFactory     : Hibernate is in classpath; If applicable, HQL parser will be used.
2026-07-28T10:30:53.599-05:00 DEBUG 63268 --- [conteo-electoral] [           main] c.e.security.JwtAuthenticationFilter     : Filter 'jwtAuthenticationFilter' configured for use
2026-07-28T10:30:55.301-05:00  INFO 63268 --- [conteo-electoral] [           main] o.s.s.web.DefaultSecurityFilterChain     : Will secure any request with [org.springframework.security.web.session.DisableEncodeUrlFilter@51971d32, org.springframework.security.web.context.request.async.WebAsyncManagerIntegrationFilter@435ec7f5, org.springframework.security.web.context.SecurityContextHolderFilter@1f5246e2, org.springframework.security.web.header.HeaderWriterFilter@2c9b96af, org.springframework.web.filter.CorsFilter@3d1c7e7b, org.springframework.security.web.authentication.logout.LogoutFilter@63583bde, com.electoral.security.JwtAuthenticationFilter@7180b25f, org.springframework.security.web.savedrequest.RequestCacheAwareFilter@7eaa78f2, org.springframework.security.web.servletapi.SecurityContextHolderAwareRequestFilter@4591a080, org.springframework.security.web.authentication.AnonymousAuthenticationFilter@460f2b6c, org.springframework.security.web.session.SessionManagementFilter@12e4c6de, org.springframework.security.web.access.ExceptionTranslationFilter@10d2411f, org.springframework.security.web.access.intercept.AuthorizationFilter@4057cd68]
2026-07-28T10:30:55.623-05:00  INFO 63268 --- [conteo-electoral] [           main] o.s.b.w.embedded.tomcat.TomcatWebServer  : Tomcat started on port 8081 (http) with context path ''
2026-07-28T10:30:55.625-05:00  INFO 63268 --- [conteo-electoral] [           main] o.s.m.s.b.SimpleBrokerMessageHandler     : Starting...
2026-07-28T10:30:55.627-05:00  INFO 63268 --- [conteo-electoral] [           main] o.s.m.s.b.SimpleBrokerMessageHandler     : BrokerAvailabilityEvent[available=true, SimpleBrokerMessageHandler [org.springframework.messaging.simp.broker.DefaultSubscriptionRegistry@2f815a12]]
2026-07-28T10:30:55.627-05:00  INFO 63268 --- [conteo-electoral] [           main] o.s.m.s.b.SimpleBrokerMessageHandler     : Started.
2026-07-28T10:30:55.633-05:00  INFO 63268 --- [conteo-electoral] [           main] c.electoral.ConteoElectoralApplication   : Started ConteoElectoralApplication in 5.998 seconds (process running for 6.226)
2026-07-28T10:30:55.636-05:00  INFO 63268 --- [conteo-electoral] [           main] com.electoral.DataInitializer            : === INICIANDO DATAINITIALIZER ===
2026-07-28T10:30:55.831-05:00  INFO 63268 --- [conteo-electoral] [           main] com.electoral.DataInitializer            : Password de admin reseteado a: admin123
2026-07-28T10:30:55.838-05:00  INFO 63268 --- [conteo-electoral] [           main] com.electoral.DataInitializer            : === DATAINITIALIZER COMPLETADO ===
2026-07-28T10:30:56.043-05:00  INFO 63268 --- [conteo-electoral] [nio-8081-exec-1] o.a.c.c.C.[Tomcat].[localhost].[/]       : Initializing Spring DispatcherServlet 'dispatcherServlet'
2026-07-28T10:30:56.045-05:00  INFO 63268 --- [conteo-electoral] [nio-8081-exec-1] o.s.web.servlet.DispatcherServlet        : Initializing Servlet 'dispatcherServlet'
2026-07-28T10:30:56.047-05:00  INFO 63268 --- [conteo-electoral] [nio-8081-exec-1] o.s.web.servlet.DispatcherServlet        : Completed initialization in 1 ms
2026-07-28T10:30:56.060-05:00 DEBUG 63268 --- [conteo-electoral] [nio-8081-exec-1] o.s.security.web.FilterChainProxy        : Securing GET /ws/info?t=1785252656007
2026-07-28T10:30:56.060-05:00 DEBUG 63268 --- [conteo-electoral] [nio-8081-exec-2] o.s.security.web.FilterChainProxy        : Securing GET /ws/info?t=1785252656007
2026-07-28T10:30:56.073-05:00 DEBUG 63268 --- [conteo-electoral] [nio-8081-exec-1] o.s.s.w.a.AnonymousAuthenticationFilter  : Set SecurityContextHolder to anonymous SecurityContext
2026-07-28T10:30:56.073-05:00 DEBUG 63268 --- [conteo-electoral] [nio-8081-exec-2] o.s.s.w.a.AnonymousAuthenticationFilter  : Set SecurityContextHolder to anonymous SecurityContext
2026-07-28T10:30:56.074-05:00 DEBUG 63268 --- [conteo-electoral] [nio-8081-exec-2] o.s.security.web.FilterChainProxy        : Secured GET /ws/info?t=1785252656007
2026-07-28T10:30:56.074-05:00 DEBUG 63268 --- [conteo-electoral] [nio-8081-exec-1] o.s.security.web.FilterChainProxy        : Secured GET /ws/info?t=1785252656007
2026-07-28T10:30:56.087-05:00 DEBUG 63268 --- [conteo-electoral] [nio-8081-exec-4] o.s.security.web.FilterChainProxy        : Securing GET /ws/468/esbquo0p/websocket
2026-07-28T10:30:56.087-05:00 DEBUG 63268 --- [conteo-electoral] [nio-8081-exec-6] o.s.security.web.FilterChainProxy        : Securing GET /ws/103/hgpvbgeh/websocket
2026-07-28T10:30:56.087-05:00 DEBUG 63268 --- [conteo-electoral] [nio-8081-exec-4] o.s.s.w.a.AnonymousAuthenticationFilter  : Set SecurityContextHolder to anonymous SecurityContext
2026-07-28T10:30:56.088-05:00 DEBUG 63268 --- [conteo-electoral] [nio-8081-exec-4] o.s.security.web.FilterChainProxy        : Secured GET /ws/468/esbquo0p/websocket
2026-07-28T10:30:56.088-05:00 DEBUG 63268 --- [conteo-electoral] [nio-8081-exec-6] o.s.s.w.a.AnonymousAuthenticationFilter  : Set SecurityContextHolder to anonymous SecurityContext
2026-07-28T10:30:56.088-05:00 DEBUG 63268 --- [conteo-electoral] [nio-8081-exec-6] o.s.security.web.FilterChainProxy        : Secured GET /ws/103/hgpvbgeh/websocket
[INFO] ------------------------------------------------------------------------
[INFO] BUILD FAILURE
[INFO] ------------------------------------------------------------------------
[INFO] Total time:  19.073 s
[INFO] Finished at: 2026-07-28T10:31:04-05:00
[INFO] ------------------------------------------------------------------------
[ERROR] Failed to execute goal org.springframework.boot:spring-boot-maven-plugin:3.2.1:run (default-cli) on project conteo-electoral: Process terminated with exit code: -1 -> [Help 1]
[ERROR] 
[ERROR] To see the full stack trace of the errors, re-run Maven with the -e switch.
[ERROR] Re-run Maven using the -X switch to enable full debug logging.
[ERROR] 
[ERROR] For more information about the errors and possible solutions, please read the following articles:
[ERROR] [Help 1] http://cwiki.apache.org/confluence/display/MAVEN/MojoExecutionException
