[INFO] Scanning for projects...
[INFO] 
[INFO] -------------------< com.electoral:conteo-electoral >-------------------
[INFO] Building ConteoElectoral 1.0.0
[INFO]   from pom.xml
[INFO] --------------------------------[ jar ]---------------------------------
[INFO] 
[INFO] >>> spring-boot:3.2.1:run (default-cli) > test-compile @ conteo-electoral >>>
[INFO] 
[INFO] --- resources:3.3.1:resources (default-resources) @ conteo-electoral ---
[INFO] Copying 1 resource from src\main\resources to target\classes
[INFO] Copying 10 resources from src\main\resources to target\classes
[INFO] 
[INFO] --- compiler:3.11.0:compile (default-compile) @ conteo-electoral ---
[INFO] Nothing to compile - all classes are up to date
[INFO] 
[INFO] --- resources:3.3.1:testResources (default-testResources) @ conteo-electoral ---
[INFO] Copying 1 resource from src\test\resources to target\test-classes
[INFO] 
[INFO] --- compiler:3.11.0:testCompile (default-testCompile) @ conteo-electoral ---
[INFO] Nothing to compile - all classes are up to date
[INFO] 
[INFO] <<< spring-boot:3.2.1:run (default-cli) < test-compile @ conteo-electoral <<<
[INFO] 
[INFO] 
[INFO] --- spring-boot:3.2.1:run (default-cli) @ conteo-electoral ---
[INFO] Attaching agents: []

  .   ____          _            __ _ _
 /\\ / ___'_ __ _ _(_)_ __  __ _ \ \ \ \
( ( )\___ | '_ | '_| | '_ \/ _` | \ \ \ \
 \\/  ___)| |_)| | | | | || (_| |  ) ) ) )
  '  |____| .__|_| |_|_| |_\__, | / / / /
 =========|_|==============|___/=/_/_/_/
 :: Spring Boot ::                (v3.2.1)

2026-07-28T10:32:14.948-05:00  INFO 61948 --- [conteo-electoral] [           main] c.electoral.ConteoElectoralApplication   : Starting ConteoElectoralApplication using Java 21.0.10 with PID 61948 (C:\Users\Alexi\Documents\PROYECTOS\ConteoElectoral\backend\target\classes started by Alexi in C:\Users\Alexi\Documents\PROYECTOS\ConteoElectoral\backend)
2026-07-28T10:32:14.948-05:00 DEBUG 61948 --- [conteo-electoral] [           main] c.electoral.ConteoElectoralApplication   : Running with Spring Boot v3.2.1, Spring v6.1.2
2026-07-28T10:32:14.949-05:00  INFO 61948 --- [conteo-electoral] [           main] c.electoral.ConteoElectoralApplication   : No active profile set, falling back to 1 default profile: "default"
2026-07-28T10:32:15.599-05:00  INFO 61948 --- [conteo-electoral] [           main] .s.d.r.c.RepositoryConfigurationDelegate : Bootstrapping Spring Data JPA repositories in DEFAULT mode.
2026-07-28T10:32:15.696-05:00  INFO 61948 --- [conteo-electoral] [           main] .s.d.r.c.RepositoryConfigurationDelegate : Finished Spring Data repository scanning in 87 ms. Found 34 JPA repository interfaces.
2026-07-28T10:32:16.306-05:00  INFO 61948 --- [conteo-electoral] [           main] o.s.b.w.embedded.tomcat.TomcatWebServer  : Tomcat initialized with port 8081 (http)
2026-07-28T10:32:16.317-05:00  INFO 61948 --- [conteo-electoral] [           main] o.apache.catalina.core.StandardService   : Starting service [Tomcat]
2026-07-28T10:32:16.317-05:00  INFO 61948 --- [conteo-electoral] [           main] o.apache.catalina.core.StandardEngine    : Starting Servlet engine: [Apache Tomcat/10.1.17]
2026-07-28T10:32:16.366-05:00  INFO 61948 --- [conteo-electoral] [           main] o.a.c.c.C.[Tomcat].[localhost].[/]       : Initializing Spring embedded WebApplicationContext
2026-07-28T10:32:16.367-05:00  INFO 61948 --- [conteo-electoral] [           main] w.s.c.ServletWebServerApplicationContext : Root WebApplicationContext: initialization completed in 1386 ms
2026-07-28T10:32:16.442-05:00  INFO 61948 --- [conteo-electoral] [           main] com.zaxxer.hikari.HikariDataSource       : HikariPool-1 - Starting...
2026-07-28T10:32:16.653-05:00  INFO 61948 --- [conteo-electoral] [           main] com.zaxxer.hikari.pool.HikariPool        : HikariPool-1 - Added connection org.postgresql.jdbc.PgConnection@1322b575
2026-07-28T10:32:16.655-05:00  INFO 61948 --- [conteo-electoral] [           main] com.zaxxer.hikari.HikariDataSource       : HikariPool-1 - Start completed.
2026-07-28T10:32:16.713-05:00  INFO 61948 --- [conteo-electoral] [           main] o.f.c.internal.license.VersionPrinter    : Flyway Community Edition 9.22.3 by Redgate
2026-07-28T10:32:16.715-05:00  INFO 61948 --- [conteo-electoral] [           main] o.f.c.internal.license.VersionPrinter    : See release notes here: https://rd.gt/416ObMi
2026-07-28T10:32:16.715-05:00  INFO 61948 --- [conteo-electoral] [           main] o.f.c.internal.license.VersionPrinter    : 
2026-07-28T10:32:16.729-05:00  INFO 61948 --- [conteo-electoral] [           main] org.flywaydb.core.FlywayExecutor         : Database: jdbc:postgresql://192.168.100.215:5432/conteo_electoral (PostgreSQL 16.14)
2026-07-28T10:32:16.744-05:00  WARN 61948 --- [conteo-electoral] [           main] o.f.c.internal.database.base.Database    : Flyway upgrade recommended: PostgreSQL 16.14 is newer than this version of Flyway and support has not been tested. The latest supported version of PostgreSQL is 15.
2026-07-28T10:32:16.798-05:00  INFO 61948 --- [conteo-electoral] [           main] o.f.core.internal.command.DbValidate     : Successfully validated 10 migrations (execution time 00:00.034s)
2026-07-28T10:32:16.822-05:00  INFO 61948 --- [conteo-electoral] [           main] o.f.core.internal.command.DbMigrate      : Current version of schema "public": 1.7.0
2026-07-28T10:32:16.826-05:00  INFO 61948 --- [conteo-electoral] [           main] o.f.core.internal.command.DbMigrate      : Schema "public" is up to date. No migration necessary.
2026-07-28T10:32:16.908-05:00  INFO 61948 --- [conteo-electoral] [           main] o.hibernate.jpa.internal.util.LogHelper  : HHH000204: Processing PersistenceUnitInfo [name: default]
2026-07-28T10:32:16.951-05:00  INFO 61948 --- [conteo-electoral] [           main] org.hibernate.Version                    : HHH000412: Hibernate ORM core version 6.4.1.Final
2026-07-28T10:32:16.976-05:00  INFO 61948 --- [conteo-electoral] [           main] o.h.c.internal.RegionFactoryInitiator    : HHH000026: Second-level cache disabled
2026-07-28T10:32:17.125-05:00  INFO 61948 --- [conteo-electoral] [           main] o.s.o.j.p.SpringPersistenceUnitInfo      : No LoadTimeWeaver setup: ignoring JPA class transformer
2026-07-28T10:32:18.483-05:00  INFO 61948 --- [conteo-electoral] [           main] o.h.e.t.j.p.i.JtaPlatformInitiator       : HHH000489: No JTA platform available (set 'hibernate.transaction.jta.platform' to enable JTA platform integration)
2026-07-28T10:32:19.097-05:00  INFO 61948 --- [conteo-electoral] [           main] j.LocalContainerEntityManagerFactoryBean : Initialized JPA EntityManagerFactory for persistence unit 'default'
2026-07-28T10:32:19.406-05:00  INFO 61948 --- [conteo-electoral] [           main] o.s.d.j.r.query.QueryEnhancerFactory     : Hibernate is in classpath; If applicable, HQL parser will be used.
2026-07-28T10:32:19.761-05:00 DEBUG 61948 --- [conteo-electoral] [           main] c.e.security.JwtAuthenticationFilter     : Filter 'jwtAuthenticationFilter' configured for use
2026-07-28T10:32:21.764-05:00  INFO 61948 --- [conteo-electoral] [           main] o.s.s.web.DefaultSecurityFilterChain     : Will secure any request with [org.springframework.security.web.session.DisableEncodeUrlFilter@712e49ef, org.springframework.security.web.context.request.async.WebAsyncManagerIntegrationFilter@538a1adf, org.springframework.security.web.context.SecurityContextHolderFilter@4dbae8f, org.springframework.security.web.header.HeaderWriterFilter@1c66272b, org.springframework.web.filter.CorsFilter@691396a0, org.springframework.security.web.authentication.logout.LogoutFilter@114f913d, com.electoral.security.JwtAuthenticationFilter@1b856d2a, org.springframework.security.web.savedrequest.RequestCacheAwareFilter@5f17140d, org.springframework.security.web.servletapi.SecurityContextHolderAwareRequestFilter@30749de8, org.springframework.security.web.authentication.AnonymousAuthenticationFilter@35390561, org.springframework.security.web.session.SessionManagementFilter@68886059, org.springframework.security.web.access.ExceptionTranslationFilter@3c9d64e4, org.springframework.security.web.access.intercept.AuthorizationFilter@494e6dbb]
2026-07-28T10:32:22.059-05:00  INFO 61948 --- [conteo-electoral] [           main] o.s.b.w.embedded.tomcat.TomcatWebServer  : Tomcat started on port 8081 (http) with context path ''
2026-07-28T10:32:22.061-05:00  INFO 61948 --- [conteo-electoral] [           main] o.s.m.s.b.SimpleBrokerMessageHandler     : Starting...
2026-07-28T10:32:22.062-05:00  INFO 61948 --- [conteo-electoral] [           main] o.s.m.s.b.SimpleBrokerMessageHandler     : BrokerAvailabilityEvent[available=true, SimpleBrokerMessageHandler [org.springframework.messaging.simp.broker.DefaultSubscriptionRegistry@38421084]]
2026-07-28T10:32:22.064-05:00  INFO 61948 --- [conteo-electoral] [           main] o.s.m.s.b.SimpleBrokerMessageHandler     : Started.
2026-07-28T10:32:22.074-05:00  INFO 61948 --- [conteo-electoral] [           main] c.electoral.ConteoElectoralApplication   : Started ConteoElectoralApplication in 7.426 seconds (process running for 7.716)
2026-07-28T10:32:22.078-05:00  INFO 61948 --- [conteo-electoral] [           main] com.electoral.DataInitializer            : === INICIANDO DATAINITIALIZER ===
2026-07-28T10:32:22.293-05:00  INFO 61948 --- [conteo-electoral] [           main] com.electoral.DataInitializer            : Password de admin reseteado a: admin123
2026-07-28T10:32:22.302-05:00  INFO 61948 --- [conteo-electoral] [           main] com.electoral.DataInitializer            : === DATAINITIALIZER COMPLETADO ===
2026-07-28T10:32:22.304-05:00  INFO 61948 --- [conteo-electoral] [nio-8081-exec-6] o.a.c.c.C.[Tomcat].[localhost].[/]       : Initializing Spring DispatcherServlet 'dispatcherServlet'
2026-07-28T10:32:22.304-05:00  INFO 61948 --- [conteo-electoral] [nio-8081-exec-6] o.s.web.servlet.DispatcherServlet        : Initializing Servlet 'dispatcherServlet'
2026-07-28T10:32:22.306-05:00  INFO 61948 --- [conteo-electoral] [nio-8081-exec-6] o.s.web.servlet.DispatcherServlet        : Completed initialization in 1 ms
2026-07-28T10:32:22.319-05:00 DEBUG 61948 --- [conteo-electoral] [nio-8081-exec-6] o.s.security.web.FilterChainProxy        : Securing GET /ws/info?t=1785252742006
2026-07-28T10:32:22.319-05:00 DEBUG 61948 --- [conteo-electoral] [nio-8081-exec-1] o.s.security.web.FilterChainProxy        : Securing GET /ws/info?t=1785252742006
2026-07-28T10:32:22.332-05:00 DEBUG 61948 --- [conteo-electoral] [nio-8081-exec-1] o.s.s.w.a.AnonymousAuthenticationFilter  : Set SecurityContextHolder to anonymous SecurityContext
2026-07-28T10:32:22.332-05:00 DEBUG 61948 --- [conteo-electoral] [nio-8081-exec-6] o.s.s.w.a.AnonymousAuthenticationFilter  : Set SecurityContextHolder to anonymous SecurityContext
2026-07-28T10:32:22.333-05:00 DEBUG 61948 --- [conteo-electoral] [nio-8081-exec-1] o.s.security.web.FilterChainProxy        : Secured GET /ws/info?t=1785252742006
2026-07-28T10:32:22.333-05:00 DEBUG 61948 --- [conteo-electoral] [nio-8081-exec-6] o.s.security.web.FilterChainProxy        : Secured GET /ws/info?t=1785252742006
2026-07-28T10:32:22.348-05:00 DEBUG 61948 --- [conteo-electoral] [nio-8081-exec-9] o.s.security.web.FilterChainProxy        : Securing GET /ws/613/tsfkqyw0/websocket
2026-07-28T10:32:22.348-05:00 DEBUG 61948 --- [conteo-electoral] [nio-8081-exec-3] o.s.security.web.FilterChainProxy        : Securing GET /ws/976/ckc1j2kh/websocket
2026-07-28T10:32:22.348-05:00 DEBUG 61948 --- [conteo-electoral] [nio-8081-exec-9] o.s.s.w.a.AnonymousAuthenticationFilter  : Set SecurityContextHolder to anonymous SecurityContext
2026-07-28T10:32:22.349-05:00 DEBUG 61948 --- [conteo-electoral] [nio-8081-exec-3] o.s.s.w.a.AnonymousAuthenticationFilter  : Set SecurityContextHolder to anonymous SecurityContext
2026-07-28T10:32:22.349-05:00 DEBUG 61948 --- [conteo-electoral] [nio-8081-exec-9] o.s.security.web.FilterChainProxy        : Secured GET /ws/613/tsfkqyw0/websocket
2026-07-28T10:32:22.349-05:00 DEBUG 61948 --- [conteo-electoral] [nio-8081-exec-3] o.s.security.web.FilterChainProxy        : Secured GET /ws/976/ckc1j2kh/websocket
2026-07-28T10:32:25.008-05:00 DEBUG 61948 --- [conteo-electoral] [nio-8081-exec-5] o.s.security.web.FilterChainProxy        : Securing GET /api/dashboard/eleccion/1
2026-07-28T10:32:25.114-05:00 DEBUG 61948 --- [conteo-electoral] [nio-8081-exec-5] o.s.security.web.FilterChainProxy        : Secured GET /api/dashboard/eleccion/1
2026-07-28T10:33:22.036-05:00  INFO 61948 --- [conteo-electoral] [MessageBroker-6] o.s.w.s.c.WebSocketMessageBrokerStats    : WebSocketSession[2 current WS(2)-HttpStream(0)-HttpPoll(0), 2 total, 0 closed abnormally (0 connect failure, 0 send limit, 0 transport error)], stompSubProtocol[processed CONNECT(2)-CONNECTED(2)-DISCONNECT(0)], stompBrokerRelay[null], inboundChannel[pool size = 6, active threads = 0, queued tasks = 0, completed tasks = 6], outboundChannel[pool size = 2, active threads = 0, queued tasks = 0, completed tasks = 2], sockJsScheduler[pool size = 22, active threads = 1, queued tasks = 3, completed tasks = 16]
2026-07-28T10:33:25.010-05:00 DEBUG 61948 --- [conteo-electoral] [io-8081-exec-10] o.s.security.web.FilterChainProxy        : Securing GET /api/dashboard/eleccion/1
2026-07-28T10:33:25.019-05:00 DEBUG 61948 --- [conteo-electoral] [io-8081-exec-10] o.s.security.web.FilterChainProxy        : Secured GET /api/dashboard/eleccion/1
2026-07-28T10:33:46.419-05:00 DEBUG 61948 --- [conteo-electoral] [nio-8081-exec-1] o.s.security.web.FilterChainProxy        : Securing POST /api/partidos
2026-07-28T10:33:46.435-05:00 DEBUG 61948 --- [conteo-electoral] [nio-8081-exec-1] o.s.security.web.FilterChainProxy        : Secured POST /api/partidos
2026-07-28T10:33:46.484-05:00 DEBUG 61948 --- [conteo-electoral] [nio-8081-exec-1] horizationManagerBeforeMethodInterceptor : Authorizing method invocation ReflectiveMethodInvocation: public org.springframework.http.ResponseEntity com.electoral.controllers.PartidoController.createPartido(com.electoral.dto.PartidoRequest); target is of class [com.electoral.controllers.PartidoController]
2026-07-28T10:33:46.491-05:00 DEBUG 61948 --- [conteo-electoral] [nio-8081-exec-1] horizationManagerBeforeMethodInterceptor : Authorized method invocation ReflectiveMethodInvocation: public org.springframework.http.ResponseEntity com.electoral.controllers.PartidoController.createPartido(com.electoral.dto.PartidoRequest); target is of class [com.electoral.controllers.PartidoController]
2026-07-28T10:33:46.498-05:00  INFO 61948 --- [conteo-electoral] [nio-8081-exec-1] com.electoral.services.PartidoService    : Creando Partido: MOVIMIENTO PROVINCIAL "LIDERA CARCHI"
2026-07-28T10:33:46.543-05:00 DEBUG 61948 --- [conteo-electoral] [nio-8081-exec-6] o.s.security.web.FilterChainProxy        : Securing GET /api/partidos/eleccion/1
2026-07-28T10:33:46.551-05:00 DEBUG 61948 --- [conteo-electoral] [nio-8081-exec-6] o.s.security.web.FilterChainProxy        : Secured GET /api/partidos/eleccion/1
2026-07-28T10:34:25.007-05:00 DEBUG 61948 --- [conteo-electoral] [nio-8081-exec-3] o.s.security.web.FilterChainProxy        : Securing GET /api/dashboard/eleccion/1
2026-07-28T10:34:25.020-05:00 DEBUG 61948 --- [conteo-electoral] [nio-8081-exec-3] o.s.security.web.FilterChainProxy        : Secured GET /api/dashboard/eleccion/1
2026-07-28T10:34:44.746-05:00 DEBUG 61948 --- [conteo-electoral] [nio-8081-exec-9] o.s.security.web.FilterChainProxy        : Securing GET /api/auth/me
2026-07-28T10:34:44.758-05:00 DEBUG 61948 --- [conteo-electoral] [nio-8081-exec-9] o.s.security.web.FilterChainProxy        : Secured GET /api/auth/me
2026-07-28T10:34:44.849-05:00 DEBUG 61948 --- [conteo-electoral] [nio-8081-exec-5] o.s.security.web.FilterChainProxy        : Securing GET /api/elecciones
2026-07-28T10:34:44.859-05:00 DEBUG 61948 --- [conteo-electoral] [nio-8081-exec-5] o.s.security.web.FilterChainProxy        : Secured GET /api/elecciones
2026-07-28T10:34:44.893-05:00 DEBUG 61948 --- [conteo-electoral] [nio-8081-exec-7] o.s.security.web.FilterChainProxy        : Securing GET /api/partidos/eleccion/1
2026-07-28T10:34:44.904-05:00 DEBUG 61948 --- [conteo-electoral] [nio-8081-exec-7] o.s.security.web.FilterChainProxy        : Secured GET /api/partidos/eleccion/1
2026-07-28T10:35:25.008-05:00 DEBUG 61948 --- [conteo-electoral] [nio-8081-exec-4] o.s.security.web.FilterChainProxy        : Securing GET /api/dashboard/eleccion/1
2026-07-28T10:35:25.019-05:00 DEBUG 61948 --- [conteo-electoral] [nio-8081-exec-4] o.s.security.web.FilterChainProxy        : Secured GET /api/dashboard/eleccion/1
2026-07-28T10:36:25.000-05:00 DEBUG 61948 --- [conteo-electoral] [nio-8081-exec-2] o.s.security.web.FilterChainProxy        : Securing GET /api/dashboard/eleccion/1
2026-07-28T10:36:25.011-05:00 DEBUG 61948 --- [conteo-electoral] [nio-8081-exec-2] o.s.security.web.FilterChainProxy        : Secured GET /api/dashboard/eleccion/1
2026-07-28T10:37:25.003-05:00 DEBUG 61948 --- [conteo-electoral] [io-8081-exec-10] o.s.security.web.FilterChainProxy        : Securing GET /api/dashboard/eleccion/1
2026-07-28T10:37:25.011-05:00 DEBUG 61948 --- [conteo-electoral] [io-8081-exec-10] o.s.security.web.FilterChainProxy        : Secured GET /api/dashboard/eleccion/1
2026-07-28T10:38:24.998-05:00 DEBUG 61948 --- [conteo-electoral] [nio-8081-exec-1] o.s.security.web.FilterChainProxy        : Securing GET /api/dashboard/eleccion/1
2026-07-28T10:38:25.008-05:00 DEBUG 61948 --- [conteo-electoral] [nio-8081-exec-1] o.s.security.web.FilterChainProxy        : Secured GET /api/dashboard/eleccion/1
2026-07-28T10:39:25.009-05:00 DEBUG 61948 --- [conteo-electoral] [nio-8081-exec-6] o.s.security.web.FilterChainProxy        : Securing GET /api/dashboard/eleccion/1
2026-07-28T10:39:25.021-05:00 DEBUG 61948 --- [conteo-electoral] [nio-8081-exec-6] o.s.security.web.FilterChainProxy        : Secured GET /api/dashboard/eleccion/1
2026-07-28T10:40:25.012-05:00 DEBUG 61948 --- [conteo-electoral] [nio-8081-exec-3] o.s.security.web.FilterChainProxy        : Securing GET /api/dashboard/eleccion/1
2026-07-28T10:40:25.024-05:00 DEBUG 61948 --- [conteo-electoral] [nio-8081-exec-3] o.s.security.web.FilterChainProxy        : Secured GET /api/dashboard/eleccion/1
2026-07-28T10:41:25.001-05:00 DEBUG 61948 --- [conteo-electoral] [nio-8081-exec-9] o.s.security.web.FilterChainProxy        : Securing GET /api/dashboard/eleccion/1
2026-07-28T10:41:25.013-05:00 DEBUG 61948 --- [conteo-electoral] [nio-8081-exec-9] o.s.security.web.FilterChainProxy        : Secured GET /api/dashboard/eleccion/1
2026-07-28T10:42:25.007-05:00 DEBUG 61948 --- [conteo-electoral] [nio-8081-exec-5] o.s.security.web.FilterChainProxy        : Securing GET /api/dashboard/eleccion/1
2026-07-28T10:42:25.015-05:00 DEBUG 61948 --- [conteo-electoral] [nio-8081-exec-5] o.s.security.web.FilterChainProxy        : Secured GET /api/dashboard/eleccion/1
2026-07-28T10:43:25.005-05:00 DEBUG 61948 --- [conteo-electoral] [nio-8081-exec-7] o.s.security.web.FilterChainProxy        : Securing GET /api/dashboard/eleccion/1
2026-07-28T10:43:25.016-05:00 DEBUG 61948 --- [conteo-electoral] [nio-8081-exec-7] o.s.security.web.FilterChainProxy        : Secured GET /api/dashboard/eleccion/1
2026-07-28T10:44:25.001-05:00 DEBUG 61948 --- [conteo-electoral] [nio-8081-exec-4] o.s.security.web.FilterChainProxy        : Securing GET /api/dashboard/eleccion/1
2026-07-28T10:44:25.013-05:00 DEBUG 61948 --- [conteo-electoral] [nio-8081-exec-4] o.s.security.web.FilterChainProxy        : Secured GET /api/dashboard/eleccion/1
2026-07-28T10:45:25.002-05:00 DEBUG 61948 --- [conteo-electoral] [nio-8081-exec-8] o.s.security.web.FilterChainProxy        : Securing GET /api/dashboard/eleccion/1
2026-07-28T10:45:25.012-05:00 DEBUG 61948 --- [conteo-electoral] [nio-8081-exec-8] o.s.security.web.FilterChainProxy        : Secured GET /api/dashboard/eleccion/1
2026-07-28T10:46:25.005-05:00 DEBUG 61948 --- [conteo-electoral] [nio-8081-exec-2] o.s.security.web.FilterChainProxy        : Securing GET /api/dashboard/eleccion/1
2026-07-28T10:46:25.019-05:00 DEBUG 61948 --- [conteo-electoral] [nio-8081-exec-2] o.s.security.web.FilterChainProxy        : Secured GET /api/dashboard/eleccion/1
2026-07-28T10:47:25.006-05:00 DEBUG 61948 --- [conteo-electoral] [io-8081-exec-10] o.s.security.web.FilterChainProxy        : Securing GET /api/dashboard/eleccion/1
2026-07-28T10:47:25.016-05:00 DEBUG 61948 --- [conteo-electoral] [io-8081-exec-10] o.s.security.web.FilterChainProxy        : Secured GET /api/dashboard/eleccion/1
2026-07-28T10:48:25.006-05:00 DEBUG 61948 --- [conteo-electoral] [nio-8081-exec-1] o.s.security.web.FilterChainProxy        : Securing GET /api/dashboard/eleccion/1
2026-07-28T10:48:25.017-05:00 DEBUG 61948 --- [conteo-electoral] [nio-8081-exec-1] o.s.security.web.FilterChainProxy        : Secured GET /api/dashboard/eleccion/1
2026-07-28T10:49:24.998-05:00 DEBUG 61948 --- [conteo-electoral] [nio-8081-exec-6] o.s.security.web.FilterChainProxy        : Securing GET /api/dashboard/eleccion/1
2026-07-28T10:49:25.007-05:00 DEBUG 61948 --- [conteo-electoral] [nio-8081-exec-6] o.s.security.web.FilterChainProxy        : Secured GET /api/dashboard/eleccion/1
2026-07-28T10:50:25.009-05:00 DEBUG 61948 --- [conteo-electoral] [nio-8081-exec-3] o.s.security.web.FilterChainProxy        : Securing OPTIONS /api/dashboard/eleccion/1
2026-07-28T10:50:25.012-05:00 DEBUG 61948 --- [conteo-electoral] [nio-8081-exec-9] o.s.security.web.FilterChainProxy        : Securing GET /api/dashboard/eleccion/1
2026-07-28T10:50:25.018-05:00 DEBUG 61948 --- [conteo-electoral] [nio-8081-exec-9] o.s.security.web.FilterChainProxy        : Secured GET /api/dashboard/eleccion/1
2026-07-28T10:51:25.011-05:00 DEBUG 61948 --- [conteo-electoral] [nio-8081-exec-5] o.s.security.web.FilterChainProxy        : Securing GET /api/dashboard/eleccion/1
2026-07-28T10:51:25.020-05:00 DEBUG 61948 --- [conteo-electoral] [nio-8081-exec-5] o.s.security.web.FilterChainProxy        : Secured GET /api/dashboard/eleccion/1
2026-07-28T10:52:25.005-05:00 DEBUG 61948 --- [conteo-electoral] [nio-8081-exec-7] o.s.security.web.FilterChainProxy        : Securing GET /api/dashboard/eleccion/1
2026-07-28T10:52:25.017-05:00 DEBUG 61948 --- [conteo-electoral] [nio-8081-exec-7] o.s.security.web.FilterChainProxy        : Secured GET /api/dashboard/eleccion/1
2026-07-28T10:53:25.010-05:00 DEBUG 61948 --- [conteo-electoral] [nio-8081-exec-4] o.s.security.web.FilterChainProxy        : Securing GET /api/dashboard/eleccion/1
2026-07-28T10:53:25.021-05:00 DEBUG 61948 --- [conteo-electoral] [nio-8081-exec-4] o.s.security.web.FilterChainProxy        : Secured GET /api/dashboard/eleccion/1
